[INFO] Scanning for projects...
[WARNING] 
[WARNING] Some problems were encountered while building the effective model for com.andrei1058.bedwars:bedwars-plugin:jar:25.2
[WARNING] 'version' contains an expression but should be a constant. @ com.andrei1058.bedwars:bedwars-plugin:${project.parent.version}, C:\Users\Lee\Music\bedwars-railway\bw plugin\bw_new\bedwars-plugin\pom.xml, line 13, column 14
[WARNING] 'dependencies.dependency.(groupId:artifactId:type:classifier)' must be unique: com.andrei1058.spigot.sidebar:sidebar-v1_20_R4:jar -> version 24.2 vs 23.12 @ com.andrei1058.bedwars:bedwars-plugin:${project.parent.version}, C:\Users\Lee\Music\bedwars-railway\bw plugin\bw_new\bedwars-plugin\pom.xml, line 321, column 21
[WARNING] 'dependencies.dependency.(groupId:artifactId:type:classifier)' must be unique: com.andrei1058.spigot.sidebar:sidebar-v1_20_R4:jar -> version 24.2 vs 23.12 @ com.andrei1058.bedwars:bedwars-plugin:${project.parent.version}, C:\Users\Lee\Music\bedwars-railway\bw plugin\bw_new\bedwars-plugin\pom.xml, line 327, column 21
[WARNING] 'build.plugins.plugin.version' for org.apache.maven.plugins:maven-deploy-plugin is missing. @ com.andrei1058.bedwars:bedwars-plugin:${project.parent.version}, C:\Users\Lee\Music\bedwars-railway\bw plugin\bw_new\bedwars-plugin\pom.xml, line 404, column 21
[WARNING] 
[WARNING] Some problems were encountered while building the effective model for com.andrei1058.bedwars:bedwars-api:jar:25.2
[WARNING] 'version' contains an expression but should be a constant. @ com.andrei1058.bedwars:bedwars-api:${project.parent.version}, C:\Users\Lee\Music\bedwars-railway\bw plugin\bw_new\bedwars-api\pom.xml, line 12, column 14
[WARNING] 'build.plugins.plugin.version' for org.apache.maven.plugins:maven-deploy-plugin is missing. @ com.andrei1058.bedwars:bedwars-api:${project.parent.version}, C:\Users\Lee\Music\bedwars-railway\bw plugin\bw_new\bedwars-api\pom.xml, line 58, column 21
[WARNING] 
[WARNING] Some problems were encountered while building the effective model for com.andrei1058.bedwars:resetadapter-aswm:jar:25.2
[WARNING] 'version' contains an expression but should be a constant. @ com.andrei1058.bedwars:resetadapter-aswm:${project.parent.version}, C:\Users\Lee\Music\bedwars-railway\bw plugin\bw_new\resetadapter_aswm\pom.xml, line 14, column 14
[WARNING] 'build.plugins.plugin.version' for org.apache.maven.plugins:maven-deploy-plugin is missing. @ com.andrei1058.bedwars:resetadapter-aswm:${project.parent.version}, C:\Users\Lee\Music\bedwars-railway\bw plugin\bw_new\resetadapter_aswm\pom.xml, line 60, column 21
[WARNING] 
[WARNING] Some problems were encountered while building the effective model for com.andrei1058.bedwars:resetadapter-slime:jar:25.2
[WARNING] 'version' contains an expression but should be a constant. @ com.andrei1058.bedwars:resetadapter-slime:${project.parent.version}, C:\Users\Lee\Music\bedwars-railway\bw plugin\bw_new\resetadapter_slime\pom.xml, line 14, column 14
[WARNING] 'build.plugins.plugin.version' for org.apache.maven.plugins:maven-deploy-plugin is missing. @ com.andrei1058.bedwars:resetadapter-slime:${project.parent.version}, C:\Users\Lee\Music\bedwars-railway\bw plugin\bw_new\resetadapter_slime\pom.xml, line 50, column 21
[WARNING] 
[WARNING] Some problems were encountered while building the effective model for com.andrei1058.bedwars:resetadapter-slimepaper:jar:25.2
[WARNING] 'version' contains an expression but should be a constant. @ com.andrei1058.bedwars:resetadapter-slimepaper:${project.parent.version}, C:\Users\Lee\Music\bedwars-railway\bw plugin\bw_new\resetadapter_slimepaper\pom.xml, line 14, column 14
[WARNING] 'build.plugins.plugin.version' for org.apache.maven.plugins:maven-deploy-plugin is missing. @ com.andrei1058.bedwars:resetadapter-slimepaper:${project.parent.version}, C:\Users\Lee\Music\bedwars-railway\bw plugin\bw_new\resetadapter_slimepaper\pom.xml, line 68, column 21
[WARNING] 
[WARNING] Some problems were encountered while building the effective model for com.andrei1058.bedwars:versionsupport_1_8_R3:jar:25.2
[WARNING] 'version' contains an expression but should be a constant. @ com.andrei1058.bedwars:versionsupport_1_8_R3:${project.parent.version}, C:\Users\Lee\Music\bedwars-railway\bw plugin\bw_new\versionsupport_1_8_R3\pom.xml, line 14, column 14
[WARNING] 'build.plugins.plugin.version' for org.apache.maven.plugins:maven-deploy-plugin is missing. @ com.andrei1058.bedwars:versionsupport_1_8_R3:${project.parent.version}, C:\Users\Lee\Music\bedwars-railway\bw plugin\bw_new\versionsupport_1_8_R3\pom.xml, line 41, column 21
[WARNING] The expression ${parent.version} is deprecated. Please use ${project.parent.version} instead. @ com.andrei1058.bedwars:versionsupport_1_8_R3:${project.parent.version}, C:\Users\Lee\Music\bedwars-railway\bw plugin\bw_new\versionsupport_1_8_R3\pom.xml
[WARNING] 
[WARNING] Some problems were encountered while building the effective model for com.andrei1058.bedwars:versionsupport_1_12_R1:jar:25.2
[WARNING] 'version' contains an expression but should be a constant. @ com.andrei1058.bedwars:versionsupport_1_12_R1:${project.parent.version}, C:\Users\Lee\Music\bedwars-railway\bw plugin\bw_new\versionsupport_1_12_R1\pom.xml, line 8, column 14
[WARNING] 'build.plugins.plugin.version' for org.apache.maven.plugins:maven-deploy-plugin is missing. @ com.andrei1058.bedwars:versionsupport_1_12_R1:${project.parent.version}, C:\Users\Lee\Music\bedwars-railway\bw plugin\bw_new\versionsupport_1_12_R1\pom.xml, line 42, column 21
[WARNING] 
[WARNING] Some problems were encountered while building the effective model for com.andrei1058.bedwars:versionsupport-common:jar:25.2
[WARNING] 'version' contains an expression but should be a constant. @ com.andrei1058.bedwars:versionsupport-common:${project.parent.version}, C:\Users\Lee\Music\bedwars-railway\bw plugin\bw_new\versionsupport_common\pom.xml, line 13, column 14
[WARNING] 'build.plugins.plugin.version' for org.apache.maven.plugins:maven-deploy-plugin is missing. @ com.andrei1058.bedwars:versionsupport-common:${project.parent.version}, C:\Users\Lee\Music\bedwars-railway\bw plugin\bw_new\versionsupport_common\pom.xml, line 39, column 21
[WARNING] 
[WARNING] Some problems were encountered while building the effective model for com.andrei1058.bedwars:versionsupport_v1_16_R3:jar:25.2
[WARNING] 'build.plugins.plugin.version' for org.apache.maven.plugins:maven-deploy-plugin is missing. @ line 40, column 21
[WARNING] 
[WARNING] Some problems were encountered while building the effective model for com.andrei1058.bedwars:versionsupport_v1_17_R1:jar:25.2
[WARNING] 'build.plugins.plugin.version' for org.apache.maven.plugins:maven-deploy-plugin is missing. @ line 40, column 21
[WARNING] 
[WARNING] Some problems were encountered while building the effective model for com.andrei1058.bedwars:versionsupport_v1_18_R2:jar:25.2
[WARNING] 'build.plugins.plugin.version' for org.apache.maven.plugins:maven-deploy-plugin is missing. @ line 40, column 21
[WARNING] 
[WARNING] Some problems were encountered while building the effective model for com.andrei1058.bedwars:versionsupport_v1_19_R2:jar:25.2
[WARNING] 'build.plugins.plugin.version' for org.apache.maven.plugins:maven-deploy-plugin is missing. @ line 46, column 21
[WARNING] 
[WARNING] Some problems were encountered while building the effective model for com.andrei1058.bedwars:versionsupport_v1_19_R3:jar:25.2
[WARNING] 'build.plugins.plugin.version' for org.apache.maven.plugins:maven-deploy-plugin is missing. @ line 46, column 21
[WARNING] 
[WARNING] Some problems were encountered while building the effective model for com.andrei1058.bedwars:versionsupport_v1_20_R1:jar:25.2
[WARNING] 'build.plugins.plugin.version' for org.apache.maven.plugins:maven-deploy-plugin is missing. @ line 46, column 21
[WARNING] 
[WARNING] Some problems were encountered while building the effective model for com.andrei1058.bedwars:versionsupport_v1_20_R2:jar:25.2
[WARNING] 'build.plugins.plugin.version' for org.apache.maven.plugins:maven-deploy-plugin is missing. @ line 52, column 21
[WARNING] 
[WARNING] Some problems were encountered while building the effective model for com.andrei1058.bedwars:versionsupport_v1_20_R3:jar:25.2
[WARNING] 'build.plugins.plugin.version' for org.apache.maven.plugins:maven-deploy-plugin is missing. @ line 52, column 21
[WARNING] 
[WARNING] Some problems were encountered while building the effective model for com.andrei1058.bedwars:versionsupport_v1_20_R4:jar:25.2
[WARNING] 'build.plugins.plugin.version' for org.apache.maven.plugins:maven-deploy-plugin is missing. @ line 56, column 21
[WARNING] 
[WARNING] Some problems were encountered while building the effective model for com.andrei1058.bedwars:BedWars1058:pom:25.2
[WARNING] 'build.plugins.plugin.version' for org.apache.maven.plugins:maven-deploy-plugin is missing. @ line 93, column 21
[WARNING] 
[WARNING] It is highly recommended to fix these problems because they threaten the stability of your build.
[WARNING] 
[WARNING] For this reason, future Maven versions might no longer support building such malformed projects.
[WARNING] 
[INFO] ------------------------------------------------------------------------
[INFO] Reactor Build Order:
[INFO] 
[INFO] BedWars1058                                                        [pom]
[INFO] bedwars-api                                                        [jar]
[INFO] versionsupport-common                                              [jar]
[INFO] versionsupport_1_8_R3                                              [jar]
[INFO] resetadapter-slime                                                 [jar]
[INFO] versionsupport_1_12_R1                                             [jar]
[INFO] versionsupport_v1_16_R3                                            [jar]
[INFO] versionsupport_v1_17_R1                                            [jar]
[INFO] versionsupport_v1_18_R2                                            [jar]
[INFO] versionsupport_v1_19_R2                                            [jar]
[INFO] versionsupport_v1_19_R3                                            [jar]
[INFO] versionsupport_v1_20_R1                                            [jar]
[INFO] versionsupport_v1_20_R2                                            [jar]
[INFO] versionsupport_v1_20_R3                                            [jar]
[INFO] versionsupport_v1_20_R4                                            [jar]
[INFO] resetadapter-slimepaper                                            [jar]
[INFO] resetadapter-aswm                                                  [jar]
[INFO] bedwars-plugin                                                     [jar]
[INFO] 
[INFO] -----------------< com.andrei1058.bedwars:BedWars1058 >-----------------
[INFO] Building BedWars1058 25.2                                         [1/18]
[INFO]   from pom.xml
[INFO] --------------------------------[ pom ]---------------------------------
[INFO] 
[INFO] --- clean:3.2.0:clean (default-clean) @ BedWars1058 ---
[INFO] 
[INFO] --- install:3.1.4:install (default-install) @ BedWars1058 ---
[INFO] Installing C:\Users\Lee\Music\bedwars-railway\bw plugin\bw_new\pom.xml to C:\Users\Lee\.m2\repository\com\andrei1058\bedwars\BedWars1058\25.2\BedWars1058-25.2.pom
[INFO] 
[INFO] -----------------< com.andrei1058.bedwars:bedwars-api >-----------------
[INFO] Building bedwars-api 25.2                                         [2/18]
[INFO]   from bedwars-api\pom.xml
[INFO] --------------------------------[ jar ]---------------------------------
Downloading from andrei-prod: https://repo.andrei1058.dev/releases/org/spigotmc/spigot-api/1.8.8-R0.1-SNAPSHOT/maven-metadata.xml
[WARNING] Could not transfer metadata org.spigotmc:spigot-api:1.8.8-R0.1-SNAPSHOT/maven-metadata.xml from/to andrei-prod (https://repo.andrei1058.dev/releases): No such host is known (repo.andrei1058.dev)
[WARNING] org.spigotmc:spigot-api:1.8.8-R0.1-SNAPSHOT/maven-metadata.xml failed to transfer from https://repo.andrei1058.dev/releases during a previous attempt. This failure was cached in the local repository and resolution will not be reattempted until the update interval of andrei-prod has elapsed or updates are forced. Original error: Could not transfer metadata org.spigotmc:spigot-api:1.8.8-R0.1-SNAPSHOT/maven-metadata.xml from/to andrei-prod (https://repo.andrei1058.dev/releases): No such host is known (repo.andrei1058.dev)
Downloading from andrei-prod: https://repo.andrei1058.dev/releases/net/md-5/bungeecord-chat/1.8-SNAPSHOT/maven-metadata.xml
[WARNING] Could not transfer metadata net.md-5:bungeecord-chat:1.8-SNAPSHOT/maven-metadata.xml from/to andrei-prod (https://repo.andrei1058.dev/releases): repo.andrei1058.dev
[WARNING] net.md-5:bungeecord-chat:1.8-SNAPSHOT/maven-metadata.xml failed to transfer from https://repo.andrei1058.dev/releases during a previous attempt. This failure was cached in the local repository and resolution will not be reattempted until the update interval of andrei-prod has elapsed or updates are forced. Original error: Could not transfer metadata net.md-5:bungeecord-chat:1.8-SNAPSHOT/maven-metadata.xml from/to andrei-prod (https://repo.andrei1058.dev/releases): repo.andrei1058.dev
Downloading from andrei-prod: https://repo.andrei1058.dev/releases/net/md-5/bungeecord-parent/1.8-SNAPSHOT/maven-metadata.xml
[WARNING] Could not transfer metadata net.md-5:bungeecord-parent:1.8-SNAPSHOT/maven-metadata.xml from/to andrei-prod (https://repo.andrei1058.dev/releases): repo.andrei1058.dev
Downloading from andrei-prod: https://repo.andrei1058.dev/releases/org/spigotmc/spigot/1.16.5-R0.1-SNAPSHOT/maven-metadata.xml
[WARNING] Could not transfer metadata org.spigotmc:spigot:1.16.5-R0.1-SNAPSHOT/maven-metadata.xml from/to andrei-prod (https://repo.andrei1058.dev/releases): repo.andrei1058.dev
[WARNING] org.spigotmc:spigot:1.16.5-R0.1-SNAPSHOT/maven-metadata.xml failed to transfer from https://repo.andrei1058.dev/releases during a previous attempt. This failure was cached in the local repository and resolution will not be reattempted until the update interval of andrei-prod has elapsed or updates are forced. Original error: Could not transfer metadata org.spigotmc:spigot:1.16.5-R0.1-SNAPSHOT/maven-metadata.xml from/to andrei-prod (https://repo.andrei1058.dev/releases): repo.andrei1058.dev
Downloading from andrei-prod: https://repo.andrei1058.dev/releases/org/spigotmc/spigot-parent/dev-SNAPSHOT/maven-metadata.xml
[WARNING] Could not transfer metadata org.spigotmc:spigot-parent:dev-SNAPSHOT/maven-metadata.xml from/to andrei-prod (https://repo.andrei1058.dev/releases): repo.andrei1058.dev
[WARNING] net.md-5:bungeecord-chat:1.8-SNAPSHOT/maven-metadata.xml failed to transfer from https://repo.andrei1058.dev/releases during a previous attempt. This failure was cached in the local repository and resolution will not be reattempted until the update interval of andrei-prod has elapsed or updates are forced. Original error: Could not transfer metadata net.md-5:bungeecord-chat:1.8-SNAPSHOT/maven-metadata.xml from/to andrei-prod (https://repo.andrei1058.dev/releases): repo.andrei1058.dev
[INFO] 
[INFO] --- clean:3.2.0:clean (default-clean) @ bedwars-api ---
[INFO] Deleting C:\Users\Lee\Music\bedwars-railway\bw plugin\bw_new\bedwars-api\target
[INFO] 
[INFO] --- resources:3.4.0:resources (default-resources) @ bedwars-api ---
[INFO] skip non existing resourceDirectory C:\Users\Lee\Music\bedwars-railway\bw plugin\bw_new\bedwars-api\src\main\resources
[INFO] 
[INFO] --- compiler:3.11.0:compile (default-compile) @ bedwars-api ---
[INFO] Changes detected - recompiling the module! :source
[INFO] Compiling 93 source files with javac [debug target 11] to target\classes
[WARNING] location of system modules is not set in conjunction with -source 11
  not setting the location of system modules may lead to class files that cannot run on JDK 11
    --release 11 is recommended instead of -source 11 -target 11 because it sets the location of system modules automatically
[INFO] /C:/Users/Lee/Music/bedwars-railway/bw plugin/bw_new/bedwars-api/src/main/java/com/andrei1058/bedwars/api/arena/generator/IGenerator.java: C:\Users\Lee\Music\bedwars-railway\bw plugin\bw_new\bedwars-api\src\main\java\com\andrei1058\bedwars\api\arena\generator\IGenerator.java uses or overrides a deprecated API.
[INFO] /C:/Users/Lee/Music/bedwars-railway/bw plugin/bw_new/bedwars-api/src/main/java/com/andrei1058/bedwars/api/arena/generator/IGenerator.java: Recompile with -Xlint:deprecation for details.
[INFO] 
[INFO] --- resources:3.4.0:testResources (default-testResources) @ bedwars-api ---
[INFO] skip non existing resourceDirectory C:\Users\Lee\Music\bedwars-railway\bw plugin\bw_new\bedwars-api\src\test\resources
[INFO] 
[INFO] --- compiler:3.11.0:testCompile (default-testCompile) @ bedwars-api ---
[INFO] No sources to compile
[INFO] 
[INFO] --- surefire:3.5.4:test (default-test) @ bedwars-api ---
[INFO] Tests are skipped.
[INFO] 
[INFO] --- jar:3.5.0:jar (default-jar) @ bedwars-api ---
[INFO] Building jar: C:\Users\Lee\Music\bedwars-railway\bw plugin\bw_new\bedwars-api\target\bedwars-api-25.2.jar
[INFO] 
[INFO] --- install:3.1.4:install (default-install) @ bedwars-api ---
[INFO] Installing C:\Users\Lee\Music\bedwars-railway\bw plugin\bw_new\bedwars-api\pom.xml to C:\Users\Lee\.m2\repository\com\andrei1058\bedwars\bedwars-api\25.2\bedwars-api-25.2.pom
[INFO] Installing C:\Users\Lee\Music\bedwars-railway\bw plugin\bw_new\bedwars-api\target\bedwars-api-25.2.jar to C:\Users\Lee\.m2\repository\com\andrei1058\bedwars\bedwars-api\25.2\bedwars-api-25.2.jar
[INFO] 
[INFO] ------------< com.andrei1058.bedwars:versionsupport-common >------------
[INFO] Building versionsupport-common 25.2                               [3/18]
[INFO]   from versionsupport_common\pom.xml
[INFO] --------------------------------[ jar ]---------------------------------
[INFO] 
[INFO] --- clean:3.2.0:clean (default-clean) @ versionsupport-common ---
[INFO] Deleting C:\Users\Lee\Music\bedwars-railway\bw plugin\bw_new\versionsupport_common\target
[INFO] 
[INFO] --- resources:3.4.0:resources (default-resources) @ versionsupport-common ---
[INFO] skip non existing resourceDirectory C:\Users\Lee\Music\bedwars-railway\bw plugin\bw_new\versionsupport_common\src\main\resources
[INFO] 
[INFO] --- compiler:3.11.0:compile (default-compile) @ versionsupport-common ---
[INFO] Changes detected - recompiling the module! :dependency
[INFO] Compiling 6 source files with javac [debug target 11] to target\classes
[WARNING] location of system modules is not set in conjunction with -source 11
  not setting the location of system modules may lead to class files that cannot run on JDK 11
    --release 11 is recommended instead of -source 11 -target 11 because it sets the location of system modules automatically
[INFO] /C:/Users/Lee/Music/bedwars-railway/bw plugin/bw_new/versionsupport_common/src/main/java/com/andrei1058/bedwars/listeners/Interact_1_13Plus.java: C:\Users\Lee\Music\bedwars-railway\bw plugin\bw_new\versionsupport_common\src\main\java\com\andrei1058\bedwars\listeners\Interact_1_13Plus.java uses or overrides a deprecated API.
[INFO] /C:/Users/Lee/Music/bedwars-railway/bw plugin/bw_new/versionsupport_common/src/main/java/com/andrei1058/bedwars/listeners/Interact_1_13Plus.java: Recompile with -Xlint:deprecation for details.
[INFO] 
[INFO] --- resources:3.4.0:testResources (default-testResources) @ versionsupport-common ---
[INFO] skip non existing resourceDirectory C:\Users\Lee\Music\bedwars-railway\bw plugin\bw_new\versionsupport_common\src\test\resources
[INFO] 
[INFO] --- compiler:3.11.0:testCompile (default-testCompile) @ versionsupport-common ---
[INFO] No sources to compile
[INFO] 
[INFO] --- surefire:3.5.4:test (default-test) @ versionsupport-common ---
[INFO] Tests are skipped.
[INFO] 
[INFO] --- jar:3.5.0:jar (default-jar) @ versionsupport-common ---
[INFO] Building jar: C:\Users\Lee\Music\bedwars-railway\bw plugin\bw_new\versionsupport_common\target\versionsupport-common-25.2.jar
[INFO] 
[INFO] --- install:3.1.4:install (default-install) @ versionsupport-common ---
[INFO] Installing C:\Users\Lee\Music\bedwars-railway\bw plugin\bw_new\versionsupport_common\pom.xml to C:\Users\Lee\.m2\repository\com\andrei1058\bedwars\versionsupport-common\25.2\versionsupport-common-25.2.pom
[INFO] Installing C:\Users\Lee\Music\bedwars-railway\bw plugin\bw_new\versionsupport_common\target\versionsupport-common-25.2.jar to C:\Users\Lee\.m2\repository\com\andrei1058\bedwars\versionsupport-common\25.2\versionsupport-common-25.2.jar
[INFO] 
[INFO] ------------< com.andrei1058.bedwars:versionsupport_1_8_R3 >------------
[INFO] Building versionsupport_1_8_R3 25.2                               [4/18]
[INFO]   from versionsupport_1_8_R3\pom.xml
[INFO] --------------------------------[ jar ]---------------------------------
[INFO] 
[INFO] --- clean:3.2.0:clean (default-clean) @ versionsupport_1_8_R3 ---
[INFO] Deleting C:\Users\Lee\Music\bedwars-railway\bw plugin\bw_new\versionsupport_1_8_R3\target
[INFO] 
[INFO] --- resources:3.4.0:resources (default-resources) @ versionsupport_1_8_R3 ---
[INFO] skip non existing resourceDirectory C:\Users\Lee\Music\bedwars-railway\bw plugin\bw_new\versionsupport_1_8_R3\src\main\resources
[INFO] 
[INFO] --- compiler:3.11.0:compile (default-compile) @ versionsupport_1_8_R3 ---
[INFO] Changes detected - recompiling the module! :dependency
[INFO] Compiling 3 source files with javac [debug target 11] to target\classes
[WARNING] location of system modules is not set in conjunction with -source 11
  not setting the location of system modules may lead to class files that cannot run on JDK 11
    --release 11 is recommended instead of -source 11 -target 11 because it sets the location of system modules automatically
[INFO] /C:/Users/Lee/Music/bedwars-railway/bw plugin/bw_new/versionsupport_1_8_R3/src/main/java/com/andrei1058/bedwars/support/version/v1_8_R3/IGolem.java: Some input files use unchecked or unsafe operations.
[INFO] /C:/Users/Lee/Music/bedwars-railway/bw plugin/bw_new/versionsupport_1_8_R3/src/main/java/com/andrei1058/bedwars/support/version/v1_8_R3/IGolem.java: Recompile with -Xlint:unchecked for details.
[INFO] 
[INFO] --- resources:3.4.0:testResources (default-testResources) @ versionsupport_1_8_R3 ---
[INFO] skip non existing resourceDirectory C:\Users\Lee\Music\bedwars-railway\bw plugin\bw_new\versionsupport_1_8_R3\src\test\resources
[INFO] 
[INFO] --- compiler:3.11.0:testCompile (default-testCompile) @ versionsupport_1_8_R3 ---
[INFO] No sources to compile
[INFO] 
[INFO] --- surefire:3.5.4:test (default-test) @ versionsupport_1_8_R3 ---
[INFO] Tests are skipped.
[INFO] 
[INFO] --- jar:3.5.0:jar (default-jar) @ versionsupport_1_8_R3 ---
[INFO] Building jar: C:\Users\Lee\Music\bedwars-railway\bw plugin\bw_new\versionsupport_1_8_R3\target\versionsupport_1_8_R3-25.2.jar
[INFO] 
[INFO] --- install:3.1.4:install (default-install) @ versionsupport_1_8_R3 ---
[INFO] Installing C:\Users\Lee\Music\bedwars-railway\bw plugin\bw_new\versionsupport_1_8_R3\pom.xml to C:\Users\Lee\.m2\repository\com\andrei1058\bedwars\versionsupport_1_8_R3\25.2\versionsupport_1_8_R3-25.2.pom
[INFO] Installing C:\Users\Lee\Music\bedwars-railway\bw plugin\bw_new\versionsupport_1_8_R3\target\versionsupport_1_8_R3-25.2.jar to C:\Users\Lee\.m2\repository\com\andrei1058\bedwars\versionsupport_1_8_R3\25.2\versionsupport_1_8_R3-25.2.jar
[INFO] 
[INFO] -------------< com.andrei1058.bedwars:resetadapter-slime >--------------
[INFO] Building resetadapter-slime 25.2                                  [5/18]
[INFO]   from resetadapter_slime\pom.xml
[INFO] --------------------------------[ jar ]---------------------------------
[WARNING] org.spigotmc:spigot:1.16.5-R0.1-SNAPSHOT/maven-metadata.xml failed to transfer from https://repo.andrei1058.dev/releases during a previous attempt. This failure was cached in the local repository and resolution will not be reattempted until the update interval of andrei-prod has elapsed or updates are forced. Original error: Could not transfer metadata org.spigotmc:spigot:1.16.5-R0.1-SNAPSHOT/maven-metadata.xml from/to andrei-prod (https://repo.andrei1058.dev/releases): repo.andrei1058.dev
[INFO] 
[INFO] --- clean:3.2.0:clean (default-clean) @ resetadapter-slime ---
[INFO] Deleting C:\Users\Lee\Music\bedwars-railway\bw plugin\bw_new\resetadapter_slime\target
[INFO] 
[INFO] --- resources:3.4.0:resources (default-resources) @ resetadapter-slime ---
[INFO] skip non existing resourceDirectory C:\Users\Lee\Music\bedwars-railway\bw plugin\bw_new\resetadapter_slime\src\main\resources
[INFO] 
[INFO] --- compiler:3.11.0:compile (default-compile) @ resetadapter-slime ---
[INFO] Changes detected - recompiling the module! :dependency
[INFO] Compiling 1 source file with javac [debug target 11] to target\classes
[WARNING] location of system modules is not set in conjunction with -source 11
  not setting the location of system modules may lead to class files that cannot run on JDK 11
    --release 11 is recommended instead of -source 11 -target 11 because it sets the location of system modules automatically
[INFO] 
[INFO] --- resources:3.4.0:testResources (default-testResources) @ resetadapter-slime ---
[INFO] skip non existing resourceDirectory C:\Users\Lee\Music\bedwars-railway\bw plugin\bw_new\resetadapter_slime\src\test\resources
[INFO] 
[INFO] --- compiler:3.11.0:testCompile (default-testCompile) @ resetadapter-slime ---
[INFO] No sources to compile
[INFO] 
[INFO] --- surefire:3.5.4:test (default-test) @ resetadapter-slime ---
[INFO] Tests are skipped.
[INFO] 
[INFO] --- jar:3.5.0:jar (default-jar) @ resetadapter-slime ---
[INFO] Building jar: C:\Users\Lee\Music\bedwars-railway\bw plugin\bw_new\resetadapter_slime\target\resetadapter-slime-25.2.jar
[INFO] 
[INFO] --- install:3.1.4:install (default-install) @ resetadapter-slime ---
[INFO] Installing C:\Users\Lee\Music\bedwars-railway\bw plugin\bw_new\resetadapter_slime\pom.xml to C:\Users\Lee\.m2\repository\com\andrei1058\bedwars\resetadapter-slime\25.2\resetadapter-slime-25.2.pom
[INFO] Installing C:\Users\Lee\Music\bedwars-railway\bw plugin\bw_new\resetadapter_slime\target\resetadapter-slime-25.2.jar to C:\Users\Lee\.m2\repository\com\andrei1058\bedwars\resetadapter-slime\25.2\resetadapter-slime-25.2.jar
[INFO] 
[INFO] -----------< com.andrei1058.bedwars:versionsupport_1_12_R1 >------------
[INFO] Building versionsupport_1_12_R1 25.2                              [6/18]
[INFO]   from versionsupport_1_12_R1\pom.xml
[INFO] --------------------------------[ jar ]---------------------------------
[INFO] 
[INFO] --- clean:3.2.0:clean (default-clean) @ versionsupport_1_12_R1 ---
[INFO] Deleting C:\Users\Lee\Music\bedwars-railway\bw plugin\bw_new\versionsupport_1_12_R1\target
[INFO] 
[INFO] --- resources:3.4.0:resources (default-resources) @ versionsupport_1_12_R1 ---
[INFO] skip non existing resourceDirectory C:\Users\Lee\Music\bedwars-railway\bw plugin\bw_new\versionsupport_1_12_R1\src\main\resources
[INFO] 
[INFO] --- compiler:3.11.0:compile (default-compile) @ versionsupport_1_12_R1 ---
[INFO] Changes detected - recompiling the module! :dependency
[INFO] Compiling 3 source files with javac [debug target 11] to target\classes
[WARNING] location of system modules is not set in conjunction with -source 11
  not setting the location of system modules may lead to class files that cannot run on JDK 11
    --release 11 is recommended instead of -source 11 -target 11 because it sets the location of system modules automatically
[INFO] /C:/Users/Lee/Music/bedwars-railway/bw plugin/bw_new/versionsupport_1_12_R1/src/main/java/com/andrei1058/bedwars/support/version/v1_12_R1/v1_12_R1.java: C:\Users\Lee\Music\bedwars-railway\bw plugin\bw_new\versionsupport_1_12_R1\src\main\java\com\andrei1058\bedwars\support\version\v1_12_R1\v1_12_R1.java uses or overrides a deprecated API.
[INFO] /C:/Users/Lee/Music/bedwars-railway/bw plugin/bw_new/versionsupport_1_12_R1/src/main/java/com/andrei1058/bedwars/support/version/v1_12_R1/v1_12_R1.java: Recompile with -Xlint:deprecation for details.
[INFO] /C:/Users/Lee/Music/bedwars-railway/bw plugin/bw_new/versionsupport_1_12_R1/src/main/java/com/andrei1058/bedwars/support/version/v1_12_R1/IGolem.java: Some input files use unchecked or unsafe operations.
[INFO] /C:/Users/Lee/Music/bedwars-railway/bw plugin/bw_new/versionsupport_1_12_R1/src/main/java/com/andrei1058/bedwars/support/version/v1_12_R1/IGolem.java: Recompile with -Xlint:unchecked for details.
[INFO] 
[INFO] --- resources:3.4.0:testResources (default-testResources) @ versionsupport_1_12_R1 ---
[INFO] skip non existing resourceDirectory C:\Users\Lee\Music\bedwars-railway\bw plugin\bw_new\versionsupport_1_12_R1\src\test\resources
[INFO] 
[INFO] --- compiler:3.11.0:testCompile (default-testCompile) @ versionsupport_1_12_R1 ---
[INFO] No sources to compile
[INFO] 
[INFO] --- surefire:3.5.4:test (default-test) @ versionsupport_1_12_R1 ---
[INFO] Tests are skipped.
[INFO] 
[INFO] --- jar:3.5.0:jar (default-jar) @ versionsupport_1_12_R1 ---
[INFO] Building jar: C:\Users\Lee\Music\bedwars-railway\bw plugin\bw_new\versionsupport_1_12_R1\target\versionsupport_1_12_R1-25.2.jar
[INFO] 
[INFO] --- install:3.1.4:install (default-install) @ versionsupport_1_12_R1 ---
[INFO] Installing C:\Users\Lee\Music\bedwars-railway\bw plugin\bw_new\versionsupport_1_12_R1\pom.xml to C:\Users\Lee\.m2\repository\com\andrei1058\bedwars\versionsupport_1_12_R1\25.2\versionsupport_1_12_R1-25.2.pom
[INFO] Installing C:\Users\Lee\Music\bedwars-railway\bw plugin\bw_new\versionsupport_1_12_R1\target\versionsupport_1_12_R1-25.2.jar to C:\Users\Lee\.m2\repository\com\andrei1058\bedwars\versionsupport_1_12_R1\25.2\versionsupport_1_12_R1-25.2.jar
[INFO] 
[INFO] -----------< com.andrei1058.bedwars:versionsupport_v1_16_R3 >-----------
[INFO] Building versionsupport_v1_16_R3 25.2                             [7/18]
[INFO]   from versionsupport_v1_16_R3\pom.xml
[INFO] --------------------------------[ jar ]---------------------------------
[INFO] 
[INFO] --- clean:3.2.0:clean (default-clean) @ versionsupport_v1_16_R3 ---
[INFO] Deleting C:\Users\Lee\Music\bedwars-railway\bw plugin\bw_new\versionsupport_v1_16_R3\target
[INFO] 
[INFO] --- resources:3.4.0:resources (default-resources) @ versionsupport_v1_16_R3 ---
[INFO] skip non existing resourceDirectory C:\Users\Lee\Music\bedwars-railway\bw plugin\bw_new\versionsupport_v1_16_R3\src\main\resources
[INFO] 
[INFO] --- compiler:3.11.0:compile (default-compile) @ versionsupport_v1_16_R3 ---
[INFO] Changes detected - recompiling the module! :dependency
[INFO] Compiling 3 source files with javac [debug target 11] to target\classes
[WARNING] location of system modules is not set in conjunction with -source 11
  not setting the location of system modules may lead to class files that cannot run on JDK 11
    --release 11 is recommended instead of -source 11 -target 11 because it sets the location of system modules automatically
[INFO] /C:/Users/Lee/Music/bedwars-railway/bw plugin/bw_new/versionsupport_v1_16_R3/src/main/java/com/andrei1058/bedwars/support/version/v1_16_R3/v1_16_R3.java: C:\Users\Lee\Music\bedwars-railway\bw plugin\bw_new\versionsupport_v1_16_R3\src\main\java\com\andrei1058\bedwars\support\version\v1_16_R3\v1_16_R3.java uses or overrides a deprecated API.
[INFO] /C:/Users/Lee/Music/bedwars-railway/bw plugin/bw_new/versionsupport_v1_16_R3/src/main/java/com/andrei1058/bedwars/support/version/v1_16_R3/v1_16_R3.java: Recompile with -Xlint:deprecation for details.
[INFO] /C:/Users/Lee/Music/bedwars-railway/bw plugin/bw_new/versionsupport_v1_16_R3/src/main/java/com/andrei1058/bedwars/support/version/v1_16_R3/Silverfish.java: Some input files use unchecked or unsafe operations.
[INFO] /C:/Users/Lee/Music/bedwars-railway/bw plugin/bw_new/versionsupport_v1_16_R3/src/main/java/com/andrei1058/bedwars/support/version/v1_16_R3/Silverfish.java: Recompile with -Xlint:unchecked for details.
[INFO] 
[INFO] --- resources:3.4.0:testResources (default-testResources) @ versionsupport_v1_16_R3 ---
[INFO] skip non existing resourceDirectory C:\Users\Lee\Music\bedwars-railway\bw plugin\bw_new\versionsupport_v1_16_R3\src\test\resources
[INFO] 
[INFO] --- compiler:3.11.0:testCompile (default-testCompile) @ versionsupport_v1_16_R3 ---
[INFO] No sources to compile
[INFO] 
[INFO] --- surefire:3.5.4:test (default-test) @ versionsupport_v1_16_R3 ---
[INFO] Tests are skipped.
[INFO] 
[INFO] --- jar:3.5.0:jar (default-jar) @ versionsupport_v1_16_R3 ---
[INFO] Building jar: C:\Users\Lee\Music\bedwars-railway\bw plugin\bw_new\versionsupport_v1_16_R3\target\versionsupport_v1_16_R3-25.2.jar
[INFO] 
[INFO] --- install:3.1.4:install (default-install) @ versionsupport_v1_16_R3 ---
[INFO] Installing C:\Users\Lee\Music\bedwars-railway\bw plugin\bw_new\versionsupport_v1_16_R3\pom.xml to C:\Users\Lee\.m2\repository\com\andrei1058\bedwars\versionsupport_v1_16_R3\25.2\versionsupport_v1_16_R3-25.2.pom
[INFO] Installing C:\Users\Lee\Music\bedwars-railway\bw plugin\bw_new\versionsupport_v1_16_R3\target\versionsupport_v1_16_R3-25.2.jar to C:\Users\Lee\.m2\repository\com\andrei1058\bedwars\versionsupport_v1_16_R3\25.2\versionsupport_v1_16_R3-25.2.jar
[INFO] 
[INFO] -----------< com.andrei1058.bedwars:versionsupport_v1_17_R1 >-----------
[INFO] Building versionsupport_v1_17_R1 25.2                             [8/18]
[INFO]   from versionsupport_v1_17_R1\pom.xml
[INFO] --------------------------------[ jar ]---------------------------------
[INFO] 
[INFO] --- clean:3.2.0:clean (default-clean) @ versionsupport_v1_17_R1 ---
[INFO] Deleting C:\Users\Lee\Music\bedwars-railway\bw plugin\bw_new\versionsupport_v1_17_R1\target
[INFO] 
[INFO] --- resources:3.4.0:resources (default-resources) @ versionsupport_v1_17_R1 ---
[INFO] skip non existing resourceDirectory C:\Users\Lee\Music\bedwars-railway\bw plugin\bw_new\versionsupport_v1_17_R1\src\main\resources
[INFO] 
[INFO] --- compiler:3.11.0:compile (default-compile) @ versionsupport_v1_17_R1 ---
[INFO] Changes detected - recompiling the module! :dependency
[INFO] Compiling 3 source files with javac [debug target 17] to target\classes
[WARNING] location of system modules is not set in conjunction with -source 17
  not setting the location of system modules may lead to class files that cannot run on JDK 17
    --release 17 is recommended instead of -source 17 -target 17 because it sets the location of system modules automatically
[INFO] /C:/Users/Lee/Music/bedwars-railway/bw plugin/bw_new/versionsupport_v1_17_R1/src/main/java/com/andrei1058/bedwars/support/version/v1_17_R1/Silverfish.java: C:\Users\Lee\Music\bedwars-railway\bw plugin\bw_new\versionsupport_v1_17_R1\src\main\java\com\andrei1058\bedwars\support\version\v1_17_R1\Silverfish.java uses unchecked or unsafe operations.
[INFO] /C:/Users/Lee/Music/bedwars-railway/bw plugin/bw_new/versionsupport_v1_17_R1/src/main/java/com/andrei1058/bedwars/support/version/v1_17_R1/Silverfish.java: Recompile with -Xlint:unchecked for details.
[INFO] 
[INFO] --- resources:3.4.0:testResources (default-testResources) @ versionsupport_v1_17_R1 ---
[INFO] skip non existing resourceDirectory C:\Users\Lee\Music\bedwars-railway\bw plugin\bw_new\versionsupport_v1_17_R1\src\test\resources
[INFO] 
[INFO] --- compiler:3.11.0:testCompile (default-testCompile) @ versionsupport_v1_17_R1 ---
[INFO] No sources to compile
[INFO] 
[INFO] --- surefire:3.5.4:test (default-test) @ versionsupport_v1_17_R1 ---
[INFO] Tests are skipped.
[INFO] 
[INFO] --- jar:3.5.0:jar (default-jar) @ versionsupport_v1_17_R1 ---
[INFO] Building jar: C:\Users\Lee\Music\bedwars-railway\bw plugin\bw_new\versionsupport_v1_17_R1\target\versionsupport_v1_17_R1-25.2.jar
[INFO] 
[INFO] --- install:3.1.4:install (default-install) @ versionsupport_v1_17_R1 ---
[INFO] Installing C:\Users\Lee\Music\bedwars-railway\bw plugin\bw_new\versionsupport_v1_17_R1\pom.xml to C:\Users\Lee\.m2\repository\com\andrei1058\bedwars\versionsupport_v1_17_R1\25.2\versionsupport_v1_17_R1-25.2.pom
[INFO] Installing C:\Users\Lee\Music\bedwars-railway\bw plugin\bw_new\versionsupport_v1_17_R1\target\versionsupport_v1_17_R1-25.2.jar to C:\Users\Lee\.m2\repository\com\andrei1058\bedwars\versionsupport_v1_17_R1\25.2\versionsupport_v1_17_R1-25.2.jar
[INFO] 
[INFO] -----------< com.andrei1058.bedwars:versionsupport_v1_18_R2 >-----------
[INFO] Building versionsupport_v1_18_R2 25.2                             [9/18]
[INFO]   from versionsupport_v1_18_R2\pom.xml
[INFO] --------------------------------[ jar ]---------------------------------
[INFO] 
[INFO] --- clean:3.2.0:clean (default-clean) @ versionsupport_v1_18_R2 ---
[INFO] Deleting C:\Users\Lee\Music\bedwars-railway\bw plugin\bw_new\versionsupport_v1_18_R2\target
[INFO] 
[INFO] --- resources:3.4.0:resources (default-resources) @ versionsupport_v1_18_R2 ---
[INFO] skip non existing resourceDirectory C:\Users\Lee\Music\bedwars-railway\bw plugin\bw_new\versionsupport_v1_18_R2\src\main\resources
[INFO] 
[INFO] --- compiler:3.11.0:compile (default-compile) @ versionsupport_v1_18_R2 ---
[INFO] Changes detected - recompiling the module! :dependency
[INFO] Compiling 3 source files with javac [debug target 17] to target\classes
[WARNING] location of system modules is not set in conjunction with -source 17
  not setting the location of system modules may lead to class files that cannot run on JDK 17
    --release 17 is recommended instead of -source 17 -target 17 because it sets the location of system modules automatically
[INFO] /C:/Users/Lee/Music/bedwars-railway/bw plugin/bw_new/versionsupport_v1_18_R2/src/main/java/com/andrei1058/bedwars/support/version/v1_18_R2/v1_18_R2.java: C:\Users\Lee\Music\bedwars-railway\bw plugin\bw_new\versionsupport_v1_18_R2\src\main\java\com\andrei1058\bedwars\support\version\v1_18_R2\v1_18_R2.java uses or overrides a deprecated API.
[INFO] /C:/Users/Lee/Music/bedwars-railway/bw plugin/bw_new/versionsupport_v1_18_R2/src/main/java/com/andrei1058/bedwars/support/version/v1_18_R2/v1_18_R2.java: Recompile with -Xlint:deprecation for details.
[INFO] /C:/Users/Lee/Music/bedwars-railway/bw plugin/bw_new/versionsupport_v1_18_R2/src/main/java/com/andrei1058/bedwars/support/version/v1_18_R2/Silverfish.java: C:\Users\Lee\Music\bedwars-railway\bw plugin\bw_new\versionsupport_v1_18_R2\src\main\java\com\andrei1058\bedwars\support\version\v1_18_R2\Silverfish.java uses unchecked or unsafe operations.
[INFO] /C:/Users/Lee/Music/bedwars-railway/bw plugin/bw_new/versionsupport_v1_18_R2/src/main/java/com/andrei1058/bedwars/support/version/v1_18_R2/Silverfish.java: Recompile with -Xlint:unchecked for details.
[INFO] 
[INFO] --- resources:3.4.0:testResources (default-testResources) @ versionsupport_v1_18_R2 ---
[INFO] skip non existing resourceDirectory C:\Users\Lee\Music\bedwars-railway\bw plugin\bw_new\versionsupport_v1_18_R2\src\test\resources
[INFO] 
[INFO] --- compiler:3.11.0:testCompile (default-testCompile) @ versionsupport_v1_18_R2 ---
[INFO] No sources to compile
[INFO] 
[INFO] --- surefire:3.5.4:test (default-test) @ versionsupport_v1_18_R2 ---
[INFO] Tests are skipped.
[INFO] 
[INFO] --- jar:3.5.0:jar (default-jar) @ versionsupport_v1_18_R2 ---
[INFO] Building jar: C:\Users\Lee\Music\bedwars-railway\bw plugin\bw_new\versionsupport_v1_18_R2\target\versionsupport_v1_18_R2-25.2.jar
[INFO] 
[INFO] --- install:3.1.4:install (default-install) @ versionsupport_v1_18_R2 ---
[INFO] Installing C:\Users\Lee\Music\bedwars-railway\bw plugin\bw_new\versionsupport_v1_18_R2\pom.xml to C:\Users\Lee\.m2\repository\com\andrei1058\bedwars\versionsupport_v1_18_R2\25.2\versionsupport_v1_18_R2-25.2.pom
[INFO] Installing C:\Users\Lee\Music\bedwars-railway\bw plugin\bw_new\versionsupport_v1_18_R2\target\versionsupport_v1_18_R2-25.2.jar to C:\Users\Lee\.m2\repository\com\andrei1058\bedwars\versionsupport_v1_18_R2\25.2\versionsupport_v1_18_R2-25.2.jar
[INFO] 
[INFO] -----------< com.andrei1058.bedwars:versionsupport_v1_19_R2 >-----------
[INFO] Building versionsupport_v1_19_R2 25.2                            [10/18]
[INFO]   from versionsupport_v1_19_R2\pom.xml
[INFO] --------------------------------[ jar ]---------------------------------
[INFO] 
[INFO] --- clean:3.2.0:clean (default-clean) @ versionsupport_v1_19_R2 ---
[INFO] Deleting C:\Users\Lee\Music\bedwars-railway\bw plugin\bw_new\versionsupport_v1_19_R2\target
[INFO] 
[INFO] --- resources:3.4.0:resources (default-resources) @ versionsupport_v1_19_R2 ---
[INFO] skip non existing resourceDirectory C:\Users\Lee\Music\bedwars-railway\bw plugin\bw_new\versionsupport_v1_19_R2\src\main\resources
[INFO] 
[INFO] --- compiler:3.11.0:compile (default-compile) @ versionsupport_v1_19_R2 ---
[INFO] Changes detected - recompiling the module! :dependency
[INFO] Compiling 7 source files with javac [debug target 17] to target\classes
[WARNING] location of system modules is not set in conjunction with -source 17
  not setting the location of system modules may lead to class files that cannot run on JDK 17
    --release 17 is recommended instead of -source 17 -target 17 because it sets the location of system modules automatically
[INFO] 
[INFO] --- resources:3.4.0:testResources (default-testResources) @ versionsupport_v1_19_R2 ---
[INFO] skip non existing resourceDirectory C:\Users\Lee\Music\bedwars-railway\bw plugin\bw_new\versionsupport_v1_19_R2\src\test\resources
[INFO] 
[INFO] --- compiler:3.11.0:testCompile (default-testCompile) @ versionsupport_v1_19_R2 ---
[INFO] No sources to compile
[INFO] 
[INFO] --- surefire:3.5.4:test (default-test) @ versionsupport_v1_19_R2 ---
[INFO] Tests are skipped.
[INFO] 
[INFO] --- jar:3.5.0:jar (default-jar) @ versionsupport_v1_19_R2 ---
[INFO] Building jar: C:\Users\Lee\Music\bedwars-railway\bw plugin\bw_new\versionsupport_v1_19_R2\target\versionsupport_v1_19_R2-25.2.jar
[INFO] 
[INFO] --- install:3.1.4:install (default-install) @ versionsupport_v1_19_R2 ---
[INFO] Installing C:\Users\Lee\Music\bedwars-railway\bw plugin\bw_new\versionsupport_v1_19_R2\pom.xml to C:\Users\Lee\.m2\repository\com\andrei1058\bedwars\versionsupport_v1_19_R2\25.2\versionsupport_v1_19_R2-25.2.pom
[INFO] Installing C:\Users\Lee\Music\bedwars-railway\bw plugin\bw_new\versionsupport_v1_19_R2\target\versionsupport_v1_19_R2-25.2.jar to C:\Users\Lee\.m2\repository\com\andrei1058\bedwars\versionsupport_v1_19_R2\25.2\versionsupport_v1_19_R2-25.2.jar
[INFO] 
[INFO] -----------< com.andrei1058.bedwars:versionsupport_v1_19_R3 >-----------
[INFO] Building versionsupport_v1_19_R3 25.2                            [11/18]
[INFO]   from versionsupport_v1_19_R3\pom.xml
[INFO] --------------------------------[ jar ]---------------------------------
[INFO] 
[INFO] --- clean:3.2.0:clean (default-clean) @ versionsupport_v1_19_R3 ---
[INFO] Deleting C:\Users\Lee\Music\bedwars-railway\bw plugin\bw_new\versionsupport_v1_19_R3\target
[INFO] 
[INFO] --- resources:3.4.0:resources (default-resources) @ versionsupport_v1_19_R3 ---
[INFO] skip non existing resourceDirectory C:\Users\Lee\Music\bedwars-railway\bw plugin\bw_new\versionsupport_v1_19_R3\src\main\resources
[INFO] 
[INFO] --- compiler:3.11.0:compile (default-compile) @ versionsupport_v1_19_R3 ---
[INFO] Changes detected - recompiling the module! :dependency
[INFO] Compiling 7 source files with javac [debug target 17] to target\classes
[WARNING] location of system modules is not set in conjunction with -source 17
  not setting the location of system modules may lead to class files that cannot run on JDK 17
    --release 17 is recommended instead of -source 17 -target 17 because it sets the location of system modules automatically
[INFO] /C:/Users/Lee/Music/bedwars-railway/bw plugin/bw_new/versionsupport_v1_19_R3/src/main/java/com/andrei1058/bedwars/support/version/v1_19_R3/v1_19_R3.java: C:\Users\Lee\Music\bedwars-railway\bw plugin\bw_new\versionsupport_v1_19_R3\src\main\java\com\andrei1058\bedwars\support\version\v1_19_R3\v1_19_R3.java uses or overrides a deprecated API.
[INFO] /C:/Users/Lee/Music/bedwars-railway/bw plugin/bw_new/versionsupport_v1_19_R3/src/main/java/com/andrei1058/bedwars/support/version/v1_19_R3/v1_19_R3.java: Recompile with -Xlint:deprecation for details.
[INFO] 
[INFO] --- resources:3.4.0:testResources (default-testResources) @ versionsupport_v1_19_R3 ---
[INFO] skip non existing resourceDirectory C:\Users\Lee\Music\bedwars-railway\bw plugin\bw_new\versionsupport_v1_19_R3\src\test\resources
[INFO] 
[INFO] --- compiler:3.11.0:testCompile (default-testCompile) @ versionsupport_v1_19_R3 ---
[INFO] No sources to compile
[INFO] 
[INFO] --- surefire:3.5.4:test (default-test) @ versionsupport_v1_19_R3 ---
[INFO] Tests are skipped.
[INFO] 
[INFO] --- jar:3.5.0:jar (default-jar) @ versionsupport_v1_19_R3 ---
[INFO] Building jar: C:\Users\Lee\Music\bedwars-railway\bw plugin\bw_new\versionsupport_v1_19_R3\target\versionsupport_v1_19_R3-25.2.jar
[INFO] 
[INFO] --- install:3.1.4:install (default-install) @ versionsupport_v1_19_R3 ---
[INFO] Installing C:\Users\Lee\Music\bedwars-railway\bw plugin\bw_new\versionsupport_v1_19_R3\pom.xml to C:\Users\Lee\.m2\repository\com\andrei1058\bedwars\versionsupport_v1_19_R3\25.2\versionsupport_v1_19_R3-25.2.pom
[INFO] Installing C:\Users\Lee\Music\bedwars-railway\bw plugin\bw_new\versionsupport_v1_19_R3\target\versionsupport_v1_19_R3-25.2.jar to C:\Users\Lee\.m2\repository\com\andrei1058\bedwars\versionsupport_v1_19_R3\25.2\versionsupport_v1_19_R3-25.2.jar
[INFO] 
[INFO] -----------< com.andrei1058.bedwars:versionsupport_v1_20_R1 >-----------
[INFO] Building versionsupport_v1_20_R1 25.2                            [12/18]
[INFO]   from versionsupport_v1_20_R1\pom.xml
[INFO] --------------------------------[ jar ]---------------------------------
[INFO] 
[INFO] --- clean:3.2.0:clean (default-clean) @ versionsupport_v1_20_R1 ---
[INFO] Deleting C:\Users\Lee\Music\bedwars-railway\bw plugin\bw_new\versionsupport_v1_20_R1\target
[INFO] 
[INFO] --- resources:3.4.0:resources (default-resources) @ versionsupport_v1_20_R1 ---
[INFO] skip non existing resourceDirectory C:\Users\Lee\Music\bedwars-railway\bw plugin\bw_new\versionsupport_v1_20_R1\src\main\resources
[INFO] 
[INFO] --- compiler:3.11.0:compile (default-compile) @ versionsupport_v1_20_R1 ---
[INFO] Changes detected - recompiling the module! :dependency
[INFO] Compiling 7 source files with javac [debug target 19] to target\classes
[WARNING] location of system modules is not set in conjunction with -source 19
  not setting the location of system modules may lead to class files that cannot run on JDK 19
    --release 19 is recommended instead of -source 19 -target 19 because it sets the location of system modules automatically
[INFO] 
[INFO] --- resources:3.4.0:testResources (default-testResources) @ versionsupport_v1_20_R1 ---
[INFO] skip non existing resourceDirectory C:\Users\Lee\Music\bedwars-railway\bw plugin\bw_new\versionsupport_v1_20_R1\src\test\resources
[INFO] 
[INFO] --- compiler:3.11.0:testCompile (default-testCompile) @ versionsupport_v1_20_R1 ---
[INFO] No sources to compile
[INFO] 
[INFO] --- surefire:3.5.4:test (default-test) @ versionsupport_v1_20_R1 ---
[INFO] Tests are skipped.
[INFO] 
[INFO] --- jar:3.5.0:jar (default-jar) @ versionsupport_v1_20_R1 ---
[INFO] Building jar: C:\Users\Lee\Music\bedwars-railway\bw plugin\bw_new\versionsupport_v1_20_R1\target\versionsupport_v1_20_R1-25.2.jar
[INFO] 
[INFO] --- install:3.1.4:install (default-install) @ versionsupport_v1_20_R1 ---
[INFO] Installing C:\Users\Lee\Music\bedwars-railway\bw plugin\bw_new\versionsupport_v1_20_R1\pom.xml to C:\Users\Lee\.m2\repository\com\andrei1058\bedwars\versionsupport_v1_20_R1\25.2\versionsupport_v1_20_R1-25.2.pom
[INFO] Installing C:\Users\Lee\Music\bedwars-railway\bw plugin\bw_new\versionsupport_v1_20_R1\target\versionsupport_v1_20_R1-25.2.jar to C:\Users\Lee\.m2\repository\com\andrei1058\bedwars\versionsupport_v1_20_R1\25.2\versionsupport_v1_20_R1-25.2.jar
[INFO] 
[INFO] -----------< com.andrei1058.bedwars:versionsupport_v1_20_R2 >-----------
[INFO] Building versionsupport_v1_20_R2 25.2                            [13/18]
[INFO]   from versionsupport_v1_20_R2\pom.xml
[INFO] --------------------------------[ jar ]---------------------------------
[INFO] 
[INFO] --- clean:3.2.0:clean (default-clean) @ versionsupport_v1_20_R2 ---
[INFO] Deleting C:\Users\Lee\Music\bedwars-railway\bw plugin\bw_new\versionsupport_v1_20_R2\target
[INFO] 
[INFO] --- resources:3.4.0:resources (default-resources) @ versionsupport_v1_20_R2 ---
[INFO] skip non existing resourceDirectory C:\Users\Lee\Music\bedwars-railway\bw plugin\bw_new\versionsupport_v1_20_R2\src\main\resources
[INFO] 
[INFO] --- compiler:3.11.0:compile (default-compile) @ versionsupport_v1_20_R2 ---
[INFO] Changes detected - recompiling the module! :dependency
[INFO] Compiling 7 source files with javac [debug target 19] to target\classes
[WARNING] location of system modules is not set in conjunction with -source 19
  not setting the location of system modules may lead to class files that cannot run on JDK 19
    --release 19 is recommended instead of -source 19 -target 19 because it sets the location of system modules automatically
[INFO] /C:/Users/Lee/Music/bedwars-railway/bw plugin/bw_new/versionsupport_v1_20_R2/src/main/java/com/andrei1058/bedwars/support/version/v1_20_R2/v1_20_R2.java: C:\Users\Lee\Music\bedwars-railway\bw plugin\bw_new\versionsupport_v1_20_R2\src\main\java\com\andrei1058\bedwars\support\version\v1_20_R2\v1_20_R2.java uses or overrides a deprecated API.
[INFO] /C:/Users/Lee/Music/bedwars-railway/bw plugin/bw_new/versionsupport_v1_20_R2/src/main/java/com/andrei1058/bedwars/support/version/v1_20_R2/v1_20_R2.java: Recompile with -Xlint:deprecation for details.
[INFO] 
[INFO] --- resources:3.4.0:testResources (default-testResources) @ versionsupport_v1_20_R2 ---
[INFO] skip non existing resourceDirectory C:\Users\Lee\Music\bedwars-railway\bw plugin\bw_new\versionsupport_v1_20_R2\src\test\resources
[INFO] 
[INFO] --- compiler:3.11.0:testCompile (default-testCompile) @ versionsupport_v1_20_R2 ---
[INFO] No sources to compile
[INFO] 
[INFO] --- surefire:3.5.4:test (default-test) @ versionsupport_v1_20_R2 ---
[INFO] Tests are skipped.
[INFO] 
[INFO] --- jar:3.5.0:jar (default-jar) @ versionsupport_v1_20_R2 ---
[INFO] Building jar: C:\Users\Lee\Music\bedwars-railway\bw plugin\bw_new\versionsupport_v1_20_R2\target\versionsupport_v1_20_R2-25.2.jar
[INFO] 
[INFO] --- install:3.1.4:install (default-install) @ versionsupport_v1_20_R2 ---
[INFO] Installing C:\Users\Lee\Music\bedwars-railway\bw plugin\bw_new\versionsupport_v1_20_R2\pom.xml to C:\Users\Lee\.m2\repository\com\andrei1058\bedwars\versionsupport_v1_20_R2\25.2\versionsupport_v1_20_R2-25.2.pom
[INFO] Installing C:\Users\Lee\Music\bedwars-railway\bw plugin\bw_new\versionsupport_v1_20_R2\target\versionsupport_v1_20_R2-25.2.jar to C:\Users\Lee\.m2\repository\com\andrei1058\bedwars\versionsupport_v1_20_R2\25.2\versionsupport_v1_20_R2-25.2.jar
[INFO] 
[INFO] -----------< com.andrei1058.bedwars:versionsupport_v1_20_R3 >-----------
[INFO] Building versionsupport_v1_20_R3 25.2                            [14/18]
[INFO]   from versionsupport_v1_20_R3\pom.xml
[INFO] --------------------------------[ jar ]---------------------------------
[INFO] 
[INFO] --- clean:3.2.0:clean (default-clean) @ versionsupport_v1_20_R3 ---
[INFO] Deleting C:\Users\Lee\Music\bedwars-railway\bw plugin\bw_new\versionsupport_v1_20_R3\target
[INFO] 
[INFO] --- resources:3.4.0:resources (default-resources) @ versionsupport_v1_20_R3 ---
[INFO] skip non existing resourceDirectory C:\Users\Lee\Music\bedwars-railway\bw plugin\bw_new\versionsupport_v1_20_R3\src\main\resources
[INFO] 
[INFO] --- compiler:3.11.0:compile (default-compile) @ versionsupport_v1_20_R3 ---
[INFO] Changes detected - recompiling the module! :dependency
[INFO] Compiling 7 source files with javac [debug target 17] to target\classes
[WARNING] location of system modules is not set in conjunction with -source 17
  not setting the location of system modules may lead to class files that cannot run on JDK 17
    --release 17 is recommended instead of -source 17 -target 17 because it sets the location of system modules automatically
[INFO] /C:/Users/Lee/Music/bedwars-railway/bw plugin/bw_new/versionsupport_v1_20_R3/src/main/java/com/andrei1058/bedwars/support/version/v1_20_R3/v1_20_R3.java: C:\Users\Lee\Music\bedwars-railway\bw plugin\bw_new\versionsupport_v1_20_R3\src\main\java\com\andrei1058\bedwars\support\version\v1_20_R3\v1_20_R3.java uses or overrides a deprecated API.
[INFO] /C:/Users/Lee/Music/bedwars-railway/bw plugin/bw_new/versionsupport_v1_20_R3/src/main/java/com/andrei1058/bedwars/support/version/v1_20_R3/v1_20_R3.java: Recompile with -Xlint:deprecation for details.
[INFO] 
[INFO] --- resources:3.4.0:testResources (default-testResources) @ versionsupport_v1_20_R3 ---
[INFO] skip non existing resourceDirectory C:\Users\Lee\Music\bedwars-railway\bw plugin\bw_new\versionsupport_v1_20_R3\src\test\resources
[INFO] 
[INFO] --- compiler:3.11.0:testCompile (default-testCompile) @ versionsupport_v1_20_R3 ---
[INFO] No sources to compile
[INFO] 
[INFO] --- surefire:3.5.4:test (default-test) @ versionsupport_v1_20_R3 ---
[INFO] Tests are skipped.
[INFO] 
[INFO] --- jar:3.5.0:jar (default-jar) @ versionsupport_v1_20_R3 ---
[INFO] Building jar: C:\Users\Lee\Music\bedwars-railway\bw plugin\bw_new\versionsupport_v1_20_R3\target\versionsupport_v1_20_R3-25.2.jar
[INFO] 
[INFO] --- install:3.1.4:install (default-install) @ versionsupport_v1_20_R3 ---
[INFO] Installing C:\Users\Lee\Music\bedwars-railway\bw plugin\bw_new\versionsupport_v1_20_R3\pom.xml to C:\Users\Lee\.m2\repository\com\andrei1058\bedwars\versionsupport_v1_20_R3\25.2\versionsupport_v1_20_R3-25.2.pom
[INFO] Installing C:\Users\Lee\Music\bedwars-railway\bw plugin\bw_new\versionsupport_v1_20_R3\target\versionsupport_v1_20_R3-25.2.jar to C:\Users\Lee\.m2\repository\com\andrei1058\bedwars\versionsupport_v1_20_R3\25.2\versionsupport_v1_20_R3-25.2.jar
[INFO] 
[INFO] -----------< com.andrei1058.bedwars:versionsupport_v1_20_R4 >-----------
[INFO] Building versionsupport_v1_20_R4 25.2                            [15/18]
[INFO]   from versionsupport_v1_20_R4\pom.xml
[INFO] --------------------------------[ jar ]---------------------------------
[INFO] 
[INFO] --- clean:3.2.0:clean (default-clean) @ versionsupport_v1_20_R4 ---
[INFO] Deleting C:\Users\Lee\Music\bedwars-railway\bw plugin\bw_new\versionsupport_v1_20_R4\target
[INFO] 
[INFO] --- resources:3.4.0:resources (default-resources) @ versionsupport_v1_20_R4 ---
[INFO] skip non existing resourceDirectory C:\Users\Lee\Music\bedwars-railway\bw plugin\bw_new\versionsupport_v1_20_R4\src\main\resources
[INFO] 
[INFO] --- compiler:3.11.0:compile (default-compile) @ versionsupport_v1_20_R4 ---
[INFO] Changes detected - recompiling the module! :dependency
[INFO] Compiling 1 source file with javac [debug target 17] to target\classes
[WARNING] location of system modules is not set in conjunction with -source 17
  not setting the location of system modules may lead to class files that cannot run on JDK 17
    --release 17 is recommended instead of -source 17 -target 17 because it sets the location of system modules automatically
[INFO] 
[INFO] --- resources:3.4.0:testResources (default-testResources) @ versionsupport_v1_20_R4 ---
[INFO] skip non existing resourceDirectory C:\Users\Lee\Music\bedwars-railway\bw plugin\bw_new\versionsupport_v1_20_R4\src\test\resources
[INFO] 
[INFO] --- compiler:3.11.0:testCompile (default-testCompile) @ versionsupport_v1_20_R4 ---
[INFO] No sources to compile
[INFO] 
[INFO] --- surefire:3.5.4:test (default-test) @ versionsupport_v1_20_R4 ---
[INFO] Tests are skipped.
[INFO] 
[INFO] --- jar:3.5.0:jar (default-jar) @ versionsupport_v1_20_R4 ---
[INFO] Building jar: C:\Users\Lee\Music\bedwars-railway\bw plugin\bw_new\versionsupport_v1_20_R4\target\versionsupport_v1_20_R4-25.2.jar
[INFO] 
[INFO] --- install:3.1.4:install (default-install) @ versionsupport_v1_20_R4 ---
[INFO] Installing C:\Users\Lee\Music\bedwars-railway\bw plugin\bw_new\versionsupport_v1_20_R4\pom.xml to C:\Users\Lee\.m2\repository\com\andrei1058\bedwars\versionsupport_v1_20_R4\25.2\versionsupport_v1_20_R4-25.2.pom
[INFO] Installing C:\Users\Lee\Music\bedwars-railway\bw plugin\bw_new\versionsupport_v1_20_R4\target\versionsupport_v1_20_R4-25.2.jar to C:\Users\Lee\.m2\repository\com\andrei1058\bedwars\versionsupport_v1_20_R4\25.2\versionsupport_v1_20_R4-25.2.jar
[INFO] 
[INFO] -----------< com.andrei1058.bedwars:resetadapter-slimepaper >-----------
[INFO] Building resetadapter-slimepaper 25.2                            [16/18]
[INFO]   from resetadapter_slimepaper\pom.xml
[INFO] --------------------------------[ jar ]---------------------------------
[WARNING] The POM for com.flowpowered:flow-nbt:jar:2.0.2 is missing, no dependency information available
[WARNING] org.spigotmc:spigot:1.16.5-R0.1-SNAPSHOT/maven-metadata.xml failed to transfer from https://repo.andrei1058.dev/releases during a previous attempt. This failure was cached in the local repository and resolution will not be reattempted until the update interval of andrei-prod has elapsed or updates are forced. Original error: Could not transfer metadata org.spigotmc:spigot:1.16.5-R0.1-SNAPSHOT/maven-metadata.xml from/to andrei-prod (https://repo.andrei1058.dev/releases): repo.andrei1058.dev
[INFO] 
[INFO] --- clean:3.2.0:clean (default-clean) @ resetadapter-slimepaper ---
[INFO] Deleting C:\Users\Lee\Music\bedwars-railway\bw plugin\bw_new\resetadapter_slimepaper\target
[INFO] 
[INFO] --- resources:3.4.0:resources (default-resources) @ resetadapter-slimepaper ---
[INFO] skip non existing resourceDirectory C:\Users\Lee\Music\bedwars-railway\bw plugin\bw_new\resetadapter_slimepaper\src\main\resources
[INFO] 
[INFO] --- compiler:3.11.0:compile (default-compile) @ resetadapter-slimepaper ---
[INFO] Changes detected - recompiling the module! :dependency
[INFO] Compiling 1 source file with javac [debug target 11] to target\classes
[WARNING] location of system modules is not set in conjunction with -source 11
  not setting the location of system modules may lead to class files that cannot run on JDK 11
    --release 11 is recommended instead of -source 11 -target 11 because it sets the location of system modules automatically
[INFO] 
[INFO] --- resources:3.4.0:testResources (default-testResources) @ resetadapter-slimepaper ---
[INFO] skip non existing resourceDirectory C:\Users\Lee\Music\bedwars-railway\bw plugin\bw_new\resetadapter_slimepaper\src\test\resources
[INFO] 
[INFO] --- compiler:3.11.0:testCompile (default-testCompile) @ resetadapter-slimepaper ---
[INFO] No sources to compile
[INFO] 
[INFO] --- surefire:3.5.4:test (default-test) @ resetadapter-slimepaper ---
[INFO] Tests are skipped.
[INFO] 
[INFO] --- jar:3.5.0:jar (default-jar) @ resetadapter-slimepaper ---
[INFO] Building jar: C:\Users\Lee\Music\bedwars-railway\bw plugin\bw_new\resetadapter_slimepaper\target\resetadapter-slimepaper-25.2.jar
[INFO] 
[INFO] --- install:3.1.4:install (default-install) @ resetadapter-slimepaper ---
[INFO] Installing C:\Users\Lee\Music\bedwars-railway\bw plugin\bw_new\resetadapter_slimepaper\pom.xml to C:\Users\Lee\.m2\repository\com\andrei1058\bedwars\resetadapter-slimepaper\25.2\resetadapter-slimepaper-25.2.pom
[INFO] Installing C:\Users\Lee\Music\bedwars-railway\bw plugin\bw_new\resetadapter_slimepaper\target\resetadapter-slimepaper-25.2.jar to C:\Users\Lee\.m2\repository\com\andrei1058\bedwars\resetadapter-slimepaper\25.2\resetadapter-slimepaper-25.2.jar
[INFO] 
[INFO] --------------< com.andrei1058.bedwars:resetadapter-aswm >--------------
[INFO] Building resetadapter-aswm 25.2                                  [17/18]
[INFO]   from resetadapter_aswm\pom.xml
[INFO] --------------------------------[ jar ]---------------------------------
[WARNING] org.spigotmc:spigot:1.16.5-R0.1-SNAPSHOT/maven-metadata.xml failed to transfer from https://repo.andrei1058.dev/releases during a previous attempt. This failure was cached in the local repository and resolution will not be reattempted until the update interval of andrei-prod has elapsed or updates are forced. Original error: Could not transfer metadata org.spigotmc:spigot:1.16.5-R0.1-SNAPSHOT/maven-metadata.xml from/to andrei-prod (https://repo.andrei1058.dev/releases): repo.andrei1058.dev
[WARNING] org.spigotmc:spigot:1.16.5-R0.1-SNAPSHOT/maven-metadata.xml failed to transfer from https://repo.andrei1058.dev/releases during a previous attempt. This failure was cached in the local repository and resolution will not be reattempted until the update interval of andrei-prod has elapsed or updates are forced. Original error: Could not transfer metadata org.spigotmc:spigot:1.16.5-R0.1-SNAPSHOT/maven-metadata.xml from/to andrei-prod (https://repo.andrei1058.dev/releases): repo.andrei1058.dev
Downloading from legacy-aswm: https://repo.rapture.pw/repository/maven-snapshots/org/spigotmc/spigot/1.16.5-R0.1-SNAPSHOT/maven-metadata.xml
[WARNING] Could not transfer metadata org.spigotmc:spigot:1.16.5-R0.1-SNAPSHOT/maven-metadata.xml from/to legacy-aswm (https://repo.rapture.pw/repository/maven-snapshots/): status code: 502, reason phrase: Bad Gateway (502)
Downloading from legacy-aswm: https://repo.rapture.pw/repository/maven-snapshots/org/spigotmc/spigot-api/1.8.8-R0.1-SNAPSHOT/maven-metadata.xml
[WARNING] Could not transfer metadata org.spigotmc:spigot-api:1.8.8-R0.1-SNAPSHOT/maven-metadata.xml from/to legacy-aswm (https://repo.rapture.pw/repository/maven-snapshots/): status code: 502, reason phrase: Bad Gateway (502)
Downloading from legacy-aswm: https://repo.rapture.pw/repository/maven-snapshots/net/md-5/bungeecord-chat/1.8-SNAPSHOT/maven-metadata.xml
[WARNING] Could not transfer metadata net.md-5:bungeecord-chat:1.8-SNAPSHOT/maven-metadata.xml from/to legacy-aswm (https://repo.rapture.pw/repository/maven-snapshots/): status code: 502, reason phrase: Bad Gateway (502)
[INFO] 
[INFO] --- clean:3.2.0:clean (default-clean) @ resetadapter-aswm ---
[INFO] Deleting C:\Users\Lee\Music\bedwars-railway\bw plugin\bw_new\resetadapter_aswm\target
[INFO] 
[INFO] --- resources:3.4.0:resources (default-resources) @ resetadapter-aswm ---
[INFO] skip non existing resourceDirectory C:\Users\Lee\Music\bedwars-railway\bw plugin\bw_new\resetadapter_aswm\src\main\resources
[INFO] 
[INFO] --- compiler:3.11.0:compile (default-compile) @ resetadapter-aswm ---
[INFO] Changes detected - recompiling the module! :dependency
[INFO] Compiling 1 source file with javac [debug target 11] to target\classes
[WARNING] location of system modules is not set in conjunction with -source 11
  not setting the location of system modules may lead to class files that cannot run on JDK 11
    --release 11 is recommended instead of -source 11 -target 11 because it sets the location of system modules automatically
[INFO] 
[INFO] --- resources:3.4.0:testResources (default-testResources) @ resetadapter-aswm ---
[INFO] skip non existing resourceDirectory C:\Users\Lee\Music\bedwars-railway\bw plugin\bw_new\resetadapter_aswm\src\test\resources
[INFO] 
[INFO] --- compiler:3.11.0:testCompile (default-testCompile) @ resetadapter-aswm ---
[INFO] No sources to compile
[INFO] 
[INFO] --- surefire:3.5.4:test (default-test) @ resetadapter-aswm ---
[INFO] Tests are skipped.
[INFO] 
[INFO] --- jar:3.5.0:jar (default-jar) @ resetadapter-aswm ---
[INFO] Building jar: C:\Users\Lee\Music\bedwars-railway\bw plugin\bw_new\resetadapter_aswm\target\resetadapter-aswm-25.2.jar
[INFO] 
[INFO] --- install:3.1.4:install (default-install) @ resetadapter-aswm ---
[INFO] Installing C:\Users\Lee\Music\bedwars-railway\bw plugin\bw_new\resetadapter_aswm\pom.xml to C:\Users\Lee\.m2\repository\com\andrei1058\bedwars\resetadapter-aswm\25.2\resetadapter-aswm-25.2.pom
[INFO] Installing C:\Users\Lee\Music\bedwars-railway\bw plugin\bw_new\resetadapter_aswm\target\resetadapter-aswm-25.2.jar to C:\Users\Lee\.m2\repository\com\andrei1058\bedwars\resetadapter-aswm\25.2\resetadapter-aswm-25.2.jar
[INFO] 
[INFO] ---------------< com.andrei1058.bedwars:bedwars-plugin >----------------
[INFO] Building bedwars-plugin 25.2                                     [18/18]
[INFO]   from bedwars-plugin\pom.xml
[INFO] --------------------------------[ jar ]---------------------------------
Downloading from andrei1058-releases: https://repo.andrei1058.dev/releases/de/simonsator/Spigot-Party-API-For-RedisBungee/1.0.3-SNAPSHOT/maven-metadata.xml
[WARNING] Could not transfer metadata de.simonsator:Spigot-Party-API-For-RedisBungee:1.0.3-SNAPSHOT/maven-metadata.xml from/to andrei1058-releases (https://repo.andrei1058.dev/releases/): No such host is known (repo.andrei1058.dev)
[WARNING] de.simonsator:Spigot-Party-API-For-RedisBungee:1.0.3-SNAPSHOT/maven-metadata.xml failed to transfer from https://repo.andrei1058.dev/releases/ during a previous attempt. This failure was cached in the local repository and resolution will not be reattempted until the update interval of andrei1058-releases has elapsed or updates are forced. Original error: Could not transfer metadata de.simonsator:Spigot-Party-API-For-RedisBungee:1.0.3-SNAPSHOT/maven-metadata.xml from/to andrei1058-releases (https://repo.andrei1058.dev/releases/): No such host is known (repo.andrei1058.dev)
Downloading from andrei1058-releases: https://repo.andrei1058.dev/releases/net/citizensnpcs/citizens-main/2.0.30-SNAPSHOT/maven-metadata.xml
[WARNING] Could not transfer metadata net.citizensnpcs:citizens-main:2.0.30-SNAPSHOT/maven-metadata.xml from/to andrei1058-releases (https://repo.andrei1058.dev/releases/): repo.andrei1058.dev
[WARNING] net.citizensnpcs:citizens-main:2.0.30-SNAPSHOT/maven-metadata.xml failed to transfer from https://repo.andrei1058.dev/releases/ during a previous attempt. This failure was cached in the local repository and resolution will not be reattempted until the update interval of andrei1058-releases has elapsed or updates are forced. Original error: Could not transfer metadata net.citizensnpcs:citizens-main:2.0.30-SNAPSHOT/maven-metadata.xml from/to andrei1058-releases (https://repo.andrei1058.dev/releases/): repo.andrei1058.dev
Downloading from andrei1058-releases: https://repo.andrei1058.dev/releases/net/citizensnpcs/citizens-parent/2.0.30-SNAPSHOT/maven-metadata.xml
[WARNING] Could not transfer metadata net.citizensnpcs:citizens-parent:2.0.30-SNAPSHOT/maven-metadata.xml from/to andrei1058-releases (https://repo.andrei1058.dev/releases/): repo.andrei1058.dev
Downloading from andrei1058-releases: https://repo.andrei1058.dev/releases/net/citizensnpcs/citizensapi/2.0.30-SNAPSHOT/maven-metadata.xml
[WARNING] Could not transfer metadata net.citizensnpcs:citizensapi:2.0.30-SNAPSHOT/maven-metadata.xml from/to andrei1058-releases (https://repo.andrei1058.dev/releases/): repo.andrei1058.dev
[WARNING] net.citizensnpcs:citizensapi:2.0.30-SNAPSHOT/maven-metadata.xml failed to transfer from https://repo.andrei1058.dev/releases/ during a previous attempt. This failure was cached in the local repository and resolution will not be reattempted until the update interval of andrei1058-releases has elapsed or updates are forced. Original error: Could not transfer metadata net.citizensnpcs:citizensapi:2.0.30-SNAPSHOT/maven-metadata.xml from/to andrei1058-releases (https://repo.andrei1058.dev/releases/): repo.andrei1058.dev
Downloading from andrei1058-releases: https://repo.andrei1058.dev/releases/com/andrei1058/vipfeatures/vipfeatures-api/maven-metadata.xml
[WARNING] Could not transfer metadata com.andrei1058.vipfeatures:vipfeatures-api/maven-metadata.xml from/to andrei1058-releases (https://repo.andrei1058.dev/releases/): repo.andrei1058.dev
Downloading from andrei1058-releases: https://repo.andrei1058.dev/releases/com/andrei1058/vipfeatures/vipfeatures-api/1.3.0-SNAPSHOT/maven-metadata.xml
[WARNING] Could not transfer metadata com.andrei1058.vipfeatures:vipfeatures-api:1.3.0-SNAPSHOT/maven-metadata.xml from/to andrei1058-releases (https://repo.andrei1058.dev/releases/): repo.andrei1058.dev
[WARNING] com.andrei1058.vipfeatures:vipfeatures-api:1.3.0-SNAPSHOT/maven-metadata.xml failed to transfer from https://repo.andrei1058.dev/releases/ during a previous attempt. This failure was cached in the local repository and resolution will not be reattempted until the update interval of andrei1058-releases has elapsed or updates are forced. Original error: Could not transfer metadata com.andrei1058.vipfeatures:vipfeatures-api:1.3.0-SNAPSHOT/maven-metadata.xml from/to andrei1058-releases (https://repo.andrei1058.dev/releases/): repo.andrei1058.dev
Downloading from andrei1058-releases: https://repo.andrei1058.dev/releases/com/andrei1058/vipfeatures/parent/1.3.0-SNAPSHOT/maven-metadata.xml
[WARNING] Could not transfer metadata com.andrei1058.vipfeatures:parent:1.3.0-SNAPSHOT/maven-metadata.xml from/to andrei1058-releases (https://repo.andrei1058.dev/releases/): repo.andrei1058.dev
Downloading from andrei1058-releases: https://repo.andrei1058.dev/releases/net/md-5/bungeecord-chat/1.18-R0.1-SNAPSHOT/maven-metadata.xml
[WARNING] Could not transfer metadata net.md-5:bungeecord-chat:1.18-R0.1-SNAPSHOT/maven-metadata.xml from/to andrei1058-releases (https://repo.andrei1058.dev/releases/): repo.andrei1058.dev
[WARNING] net.md-5:bungeecord-chat:1.18-R0.1-SNAPSHOT/maven-metadata.xml failed to transfer from https://repo.andrei1058.dev/releases/ during a previous attempt. This failure was cached in the local repository and resolution will not be reattempted until the update interval of andrei1058-releases has elapsed or updates are forced. Original error: Could not transfer metadata net.md-5:bungeecord-chat:1.18-R0.1-SNAPSHOT/maven-metadata.xml from/to andrei1058-releases (https://repo.andrei1058.dev/releases/): repo.andrei1058.dev
Downloading from andrei1058-releases: https://repo.andrei1058.dev/releases/net/md-5/bungeecord-parent/1.18-R0.1-SNAPSHOT/maven-metadata.xml
[WARNING] Could not transfer metadata net.md-5:bungeecord-parent:1.18-R0.1-SNAPSHOT/maven-metadata.xml from/to andrei1058-releases (https://repo.andrei1058.dev/releases/): repo.andrei1058.dev
Downloading from andrei1058-releases: https://repo.andrei1058.dev/releases/org/spigotmc/spigot/1.8.8-R0.1-SNAPSHOT/maven-metadata.xml
[WARNING] Could not transfer metadata org.spigotmc:spigot:1.8.8-R0.1-SNAPSHOT/maven-metadata.xml from/to andrei1058-releases (https://repo.andrei1058.dev/releases/): repo.andrei1058.dev
[INFO] 
[INFO] --- clean:3.2.0:clean (default-clean) @ bedwars-plugin ---
[INFO] Deleting C:\Users\Lee\Music\bedwars-railway\bw plugin\bw_new\bedwars-plugin\target
[INFO] 
[INFO] --- resources:3.4.0:resources (default-resources) @ bedwars-plugin ---
[INFO] Copying 1 resource from src\main\resources to target\classes
[INFO] 
[INFO] --- compiler:3.11.0:compile (default-compile) @ bedwars-plugin ---
[INFO] Changes detected - recompiling the module! :dependency
[INFO] Compiling 227 source files with javac [debug target 11] to target\classes
[WARNING] location of system modules is not set in conjunction with -source 11
  not setting the location of system modules may lead to class files that cannot run on JDK 11
    --release 11 is recommended instead of -source 11 -target 11 because it sets the location of system modules automatically
[WARNING] /C:/Users/Lee/Music/bedwars-railway/bw plugin/bw_new/bedwars-plugin/src/main/java/com/andrei1058/bedwars/BedWars.java:[292,61] com.andrei1058.bedwars.support.preloadedparty.PrePartyListener in com.andrei1058.bedwars.support.preloadedparty has been deprecated and marked for removal
[INFO] /C:/Users/Lee/Music/bedwars-railway/bw plugin/bw_new/bedwars-plugin/src/main/java/com/andrei1058/bedwars/arena/Arena.java: Some input files use or override a deprecated API.
[INFO] /C:/Users/Lee/Music/bedwars-railway/bw plugin/bw_new/bedwars-plugin/src/main/java/com/andrei1058/bedwars/arena/Arena.java: Recompile with -Xlint:deprecation for details.
[INFO] /C:/Users/Lee/Music/bedwars-railway/bw plugin/bw_new/bedwars-plugin/src/main/java/com/andrei1058/bedwars/BedWars.java: C:\Users\Lee\Music\bedwars-railway\bw plugin\bw_new\bedwars-plugin\src\main\java\com\andrei1058\bedwars\BedWars.java uses unchecked or unsafe operations.
[INFO] /C:/Users/Lee/Music/bedwars-railway/bw plugin/bw_new/bedwars-plugin/src/main/java/com/andrei1058/bedwars/BedWars.java: Recompile with -Xlint:unchecked for details.
[INFO] 
[INFO] --- resources:3.4.0:testResources (default-testResources) @ bedwars-plugin ---
[INFO] skip non existing resourceDirectory C:\Users\Lee\Music\bedwars-railway\bw plugin\bw_new\bedwars-plugin\src\test\resources
[INFO] 
[INFO] --- compiler:3.11.0:testCompile (default-testCompile) @ bedwars-plugin ---
[INFO] No sources to compile
[INFO] 
[INFO] --- surefire:3.5.4:test (default-test) @ bedwars-plugin ---
[INFO] Tests are skipped.
[INFO] 
[INFO] --- jar:3.5.0:jar (default-jar) @ bedwars-plugin ---
[INFO] Building jar: C:\Users\Lee\Music\bedwars-railway\bw plugin\bw_new\bedwars-plugin\target\bedwars-plugin-25.2.jar
[INFO] 
[INFO] --- shade:3.5.0:shade (default) @ bedwars-plugin ---
[INFO] Including io.papermc:paperlib:jar:1.0.8 in the shaded jar.
[INFO] Including org.bstats:bstats-bukkit:jar:3.0.2 in the shaded jar.
[INFO] Including org.bstats:bstats-base:jar:3.0.2 in the shaded jar.
[INFO] Including com.andrei1058.bedwars:bedwars-api:jar:25.2 in the shaded jar.
[INFO] Including com.andrei1058.bedwars:versionsupport_1_8_R3:jar:25.2 in the shaded jar.
[INFO] Including com.andrei1058.bedwars:resetadapter-slime:jar:25.2 in the shaded jar.
[INFO] Including com.andrei1058.bedwars:versionsupport_1_12_R1:jar:25.2 in the shaded jar.
[INFO] Including com.andrei1058.bedwars:versionsupport_v1_16_R3:jar:25.2 in the shaded jar.
[INFO] Including com.andrei1058.bedwars:versionsupport_v1_17_R1:jar:25.2 in the shaded jar.
[INFO] Including com.andrei1058.bedwars:versionsupport_v1_18_R2:jar:25.2 in the shaded jar.
[INFO] Including com.andrei1058.bedwars:versionsupport_v1_19_R2:jar:25.2 in the shaded jar.
[INFO] Including com.andrei1058.bedwars:versionsupport_v1_19_R3:jar:25.2 in the shaded jar.
[INFO] Including com.andrei1058.bedwars:versionsupport_v1_20_R1:jar:25.2 in the shaded jar.
[INFO] Including com.andrei1058.bedwars:versionsupport_v1_20_R2:jar:25.2 in the shaded jar.
[INFO] Including com.andrei1058.bedwars:versionsupport_v1_20_R3:jar:25.2 in the shaded jar.
[INFO] Including com.andrei1058.bedwars:versionsupport_v1_20_R4:jar:25.2 in the shaded jar.
[INFO] Including com.andrei1058.bedwars:versionsupport-common:jar:25.2 in the shaded jar.
[INFO] Including com.andrei1058.vipfeatures:vipfeatures-api:jar:1.3.0-SNAPSHOT in the shaded jar.
[INFO] Including commons-io:commons-io:jar:2.13.0 in the shaded jar.
[INFO] Including com.zaxxer:HikariCP:jar:5.0.1 in the shaded jar.
[INFO] Including org.slf4j:slf4j-simple:jar:2.0.7 in the shaded jar.
[INFO] Including org.slf4j:slf4j-api:jar:2.0.7 in the shaded jar.
[INFO] Including com.andrei1058.spigot.sidebar:sidebar-base:jar:24.2 in the shaded jar.
[INFO] Including com.andrei1058.spigot.sidebar:sidebar-v1_8_R3:jar:24.2 in the shaded jar.
[INFO] Including com.andrei1058.spigot.sidebar:sidebar-v1_12_R1:jar:24.2 in the shaded jar.
[INFO] Including com.andrei1058.spigot.sidebar:sidebar-v1_16_R3:jar:24.2 in the shaded jar.
[INFO] Including com.andrei1058.spigot.sidebar:sidebar-v1_17_R1:jar:24.2 in the shaded jar.
[INFO] Including com.andrei1058.spigot.sidebar:sidebar-v1_18_R2:jar:24.2 in the shaded jar.
[INFO] Including com.andrei1058.spigot.sidebar:sidebar-v1_19_R2:jar:24.2 in the shaded jar.
[INFO] Including com.andrei1058.spigot.sidebar:sidebar-v1_19_R3:jar:24.2 in the shaded jar.
[INFO] Including com.andrei1058.spigot.sidebar:sidebar-v1_20_R1:jar:24.2 in the shaded jar.
[INFO] Including com.andrei1058.spigot.sidebar:sidebar-v1_20_R2:jar:24.2 in the shaded jar.
[INFO] Including com.andrei1058.spigot.sidebar:sidebar-v1_20_R3:jar:24.2 in the shaded jar.
[INFO] Including com.andrei1058.spigot.sidebar:sidebar-v1_20_R4:jar:23.12 in the shaded jar.
[INFO] Including com.andrei1058.bedwars:resetadapter-slimepaper:jar:25.2 in the shaded jar.
[INFO] Including com.flowpowered:flow-nbt:jar:2.0.0 in the shaded jar.
[INFO] Including com.andrei1058.bedwars:resetadapter-aswm:jar:25.2 in the shaded jar.
[INFO] Dependency-reduced POM written at: C:\Users\Lee\Music\bedwars-railway\bw plugin\bw_new\bedwars-plugin\dependency-reduced-pom.xml
[WARNING] commons-io-2.13.0.jar, slf4j-api-2.0.7.jar, slf4j-simple-2.0.7.jar define 1 overlapping resource: 
[WARNING]   - META-INF/LICENSE.txt
[WARNING] HikariCP-5.0.1.jar, bedwars-api-25.2.jar, bedwars-plugin-25.2.jar, bstats-base-3.0.2.jar, bstats-bukkit-3.0.2.jar, commons-io-2.13.0.jar, flow-nbt-2.0.0.jar, paperlib-1.0.8.jar, resetadapter-aswm-25.2.jar, resetadapter-slime-25.2.jar, resetadapter-slimepaper-25.2.jar, sidebar-base-24.2.jar, sidebar-v1_12_R1-24.2.jar, sidebar-v1_16_R3-24.2.jar, sidebar-v1_17_R1-24.2.jar, sidebar-v1_18_R2-24.2.jar, sidebar-v1_19_R2-24.2.jar, sidebar-v1_19_R3-24.2.jar, sidebar-v1_20_R1-24.2.jar, sidebar-v1_20_R2-24.2.jar, sidebar-v1_20_R3-24.2.jar, sidebar-v1_20_R4-23.12.jar, sidebar-v1_8_R3-24.2.jar, slf4j-api-2.0.7.jar, slf4j-simple-2.0.7.jar, versionsupport-common-25.2.jar, versionsupport_1_12_R1-25.2.jar, versionsupport_1_8_R3-25.2.jar, versionsupport_v1_16_R3-25.2.jar, versionsupport_v1_17_R1-25.2.jar, versionsupport_v1_18_R2-25.2.jar, versionsupport_v1_19_R2-25.2.jar, versionsupport_v1_19_R3-25.2.jar, versionsupport_v1_20_R1-25.2.jar, versionsupport_v1_20_R2-25.2.jar, versionsupport_v1_20_R3-25.2.jar, versionsupport_v1_20_R4-25.2.jar, vipfeatures-api-1.3.0-SNAPSHOT.jar define 1 overlapping resource: 
[WARNING]   - META-INF/MANIFEST.MF
[WARNING] slf4j-api-2.0.7.jar, slf4j-simple-2.0.7.jar define 1 overlapping classes: 
[WARNING]   - META-INF.versions.9.module-info
[WARNING] maven-shade-plugin has detected that some files are
[WARNING] present in two or more JARs. When this happens, only one
[WARNING] single version of the file is copied to the uber jar.
[WARNING] Usually this is not harmful and you can skip these warnings,
[WARNING] otherwise try to manually exclude artifacts based on
[WARNING] mvn dependency:tree -Ddetail=true and the above output.
[WARNING] See https://maven.apache.org/plugins/maven-shade-plugin/
[INFO] Replacing original artifact with shaded artifact.
[INFO] Replacing C:\Users\Lee\Music\bedwars-railway\bw plugin\bw_new\bedwars-plugin\target\bedwars-plugin-25.2.jar with C:\Users\Lee\Music\bedwars-railway\bw plugin\bw_new\bedwars-plugin\target\bedwars-plugin-25.2-shaded.jar
[INFO] 
[INFO] --- install:3.1.4:install (default-install) @ bedwars-plugin ---
[INFO] Installing C:\Users\Lee\Music\bedwars-railway\bw plugin\bw_new\bedwars-plugin\dependency-reduced-pom.xml to C:\Users\Lee\.m2\repository\com\andrei1058\bedwars\bedwars-plugin\25.2\bedwars-plugin-25.2.pom
[INFO] Installing C:\Users\Lee\Music\bedwars-railway\bw plugin\bw_new\bedwars-plugin\target\bedwars-plugin-25.2.jar to C:\Users\Lee\.m2\repository\com\andrei1058\bedwars\bedwars-plugin\25.2\bedwars-plugin-25.2.jar
[INFO] ------------------------------------------------------------------------
[INFO] Reactor Summary for BedWars1058 25.2:
[INFO] 
[INFO] BedWars1058 ........................................ SUCCESS [  2.002 s]
[INFO] bedwars-api ........................................ SUCCESS [ 12.834 s]
[INFO] versionsupport-common .............................. SUCCESS [  3.254 s]
[INFO] versionsupport_1_8_R3 .............................. SUCCESS [  1.696 s]
[INFO] resetadapter-slime ................................. SUCCESS [  0.963 s]
[INFO] versionsupport_1_12_R1 ............................. SUCCESS [  1.715 s]
[INFO] versionsupport_v1_16_R3 ............................ SUCCESS [  1.183 s]
[INFO] versionsupport_v1_17_R1 ............................ SUCCESS [  1.734 s]
[INFO] versionsupport_v1_18_R2 ............................ SUCCESS [  3.250 s]
[INFO] versionsupport_v1_19_R2 ............................ SUCCESS [ 21.251 s]
[INFO] versionsupport_v1_19_R3 ............................ SUCCESS [  1.831 s]
[INFO] versionsupport_v1_20_R1 ............................ SUCCESS [  3.516 s]
[INFO] versionsupport_v1_20_R2 ............................ SUCCESS [  3.273 s]
[INFO] versionsupport_v1_20_R3 ............................ SUCCESS [  2.641 s]
[INFO] versionsupport_v1_20_R4 ............................ SUCCESS [  2.162 s]
[INFO] resetadapter-slimepaper ............................ SUCCESS [  1.067 s]
[INFO] resetadapter-aswm .................................. SUCCESS [  2.944 s]
[INFO] bedwars-plugin ..................................... SUCCESS [ 32.559 s]
[INFO] ------------------------------------------------------------------------
[INFO] BUILD SUCCESS
[INFO] ------------------------------------------------------------------------
[INFO] Total time:  01:46 min
[INFO] Finished at: 2026-03-23T14:31:25+05:30
[INFO] ------------------------------------------------------------------------
